[41800:52668:0517/112838.307:WARNING:chrome_main_delegate.cc(745)] This is Chrome version 128.0.6613.138 (not a warning)
[41800:52556:0517/112838.339:ERROR:google_update_settings.cc(265)] Failed opening key Software\Chromium to set usagestats; result: 5
[41800:52668:0517/112838.343:WARNING:account_consistency_mode_manager.cc(77)] Desktop Identity Consistency cannot be enabled as no OAuth client ID and client secret have been configured.
[6148:54144:0517/112841.667:WARNING:frame_impl.cc(430)] virtual CefFrameImpl::SendProcessMessage sent to detached frame 5-69A17212721626414160B7A4BD4CC388 will be ignored
[41800:43464:0517/112843.339:WARNING:browser_info.cc(345)] Returning a speculative frame for [7,9]
[41800:52668:0517/112843.668:WARNING:browser_info.cc(345)] Returning a speculative frame for [9,9]
[41800:43464:0517/112843.677:WARNING:browser_info.cc(345)] Returning a speculative frame for [9,9]
[41800:52668:0517/112843.677:WARNING:browser_info.cc(345)] Returning a speculative frame for [9,9]
[41800:52668:0517/112843.677:WARNING:browser_info.cc(345)] Returning a speculative frame for [9,9]
[41800:52668:0517/112843.677:WARNING:browser_info.cc(345)] Returning a speculative frame for [9,9]
[41800:52668:0517/112845.332:ERROR:device_event_log_impl.cc(196)] [11:28:45.007] USB: usb_service_win.cc:105 SetupDiGetDeviceProperty({{A45C254E-DF1C-4EFD-8020-67D146A850E0}, 6}) failed: Element not found. (0x490)
[52572:47868:0517/112845.499:ERROR:ssl_client_socket_impl.cc(882)] handshake failed; returned -1, SSL error code 1, net_error -107
[52572:47868:0517/112846.224:ERROR:ssl_client_socket_impl.cc(882)] handshake failed; returned -1, SSL error code 1, net_error -107
[43188:50220:0517/112849.666:WARNING:codec.cc(525)] Explicitly added H264 constrained baseline to list of supported formats.
[43188:50220:0517/112849.980:WARNING:codec.cc(525)] Explicitly added H264 constrained baseline to list of supported formats.
[43188:39244:0517/112849.986:WARNING:codec.cc(525)] Explicitly added H264 constrained baseline to list of supported formats.
[43188:39244:0517/112849.986:WARNING:codec.cc(525)] Explicitly added H264 constrained baseline to list of supported formats.
[43188:39244:0517/112849.986:WARNING:codec.cc(525)] Explicitly added H264 constrained baseline to list of supported formats.
[52572:47868:0517/112913.158:ERROR:ssl_client_socket_impl.cc(882)] handshake failed; returned -1, SSL error code 1, net_error -107
[13612:37928:0517/113036.112:ERROR:shared_image_manager.cc(224)] SharedImageManager::ProduceSkia: Trying to Produce a Skia representation from a non-existent mailbox.
[13612:37928:0517/113036.112:ERROR:shared_image_manager.cc(224)] SharedImageManager::ProduceSkia: Trying to Produce a Skia representation from a non-existent mailbox.
[41800:52668:0517/113118.795:WARNING:pref_notifier_impl.cc(41)] Pref observer for media_router.cast_allow_all_ips found at shutdown.
