[37540:13888:0517/102654.708:WARNING:chrome_main_delegate.cc(745)] This is Chrome version 128.0.6613.138 (not a warning)
[37540:13888:0517/102654.798:ERROR:os_crypt_win.cc(100)] Failed to decrypt: Key not valid for use in specified state. (0x8009000B)
[37540:32580:0517/102654.877:ERROR:google_update_settings.cc(265)] Failed opening key Software\Chromium to set usagestats; result: 5
[37540:13888:0517/102654.945:WARNING:account_consistency_mode_manager.cc(77)] Desktop Identity Consistency cannot be enabled as no OAuth client ID and client secret have been configured.
[37540:32580:0517/102658.875:WARNING:leveldb_database.cc(141)] Unable to open C:\Users\jadej\Documents\Unreal Projects\GameDevTVGameJam2026\GameJamProject\Saved\webcache_6613\Default\shared_proto_db\metadata: IO error: C:\Users\jadej\Documents\Unreal Projects\GameDevTVGameJam2026\GameJamProject\Saved\webcache_6613\Default\shared_proto_db\metadata/MANIFEST-000001: Unable to create sequential file (ChromeMethodBFE: 7::NewSequentialFile::1)
[37540:32580:0517/102658.877:WARNING:leveldb_database.cc(141)] Unable to open C:\Users\jadej\Documents\Unreal Projects\GameDevTVGameJam2026\GameJamProject\Saved\webcache_6613\Default\shared_proto_db\metadata: IO error: C:\Users\jadej\Documents\Unreal Projects\GameDevTVGameJam2026\GameJamProject\Saved\webcache_6613\Default\shared_proto_db\metadata/MANIFEST-000001: Unable to create sequential file (ChromeMethodBFE: 7::NewSequentialFile::1)
[37540:32580:0517/102658.878:WARNING:leveldb_database.cc(141)] Unable to open C:\Users\jadej\Documents\Unreal Projects\GameDevTVGameJam2026\GameJamProject\Saved\webcache_6613\Default\shared_proto_db\metadata: IO error: C:\Users\jadej\Documents\Unreal Projects\GameDevTVGameJam2026\GameJamProject\Saved\webcache_6613\Default\shared_proto_db\metadata/MANIFEST-000001: Unable to create sequential file (ChromeMethodBFE: 7::NewSequentialFile::1)
[37540:32580:0517/102658.879:WARNING:leveldb_database.cc(141)] Unable to open C:\Users\jadej\Documents\Unreal Projects\GameDevTVGameJam2026\GameJamProject\Saved\webcache_6613\Default\shared_proto_db\metadata: IO error: C:\Users\jadej\Documents\Unreal Projects\GameDevTVGameJam2026\GameJamProject\Saved\webcache_6613\Default\shared_proto_db\metadata/MANIFEST-000001: Unable to create sequential file (ChromeMethodBFE: 7::NewSequentialFile::1)
[37540:32580:0517/102659.381:WARNING:value_store_frontend.cc(47)] Reading ahfgeienlihckogmohjhadlkjgocpleb.alarms from  failed: IO error: .../MANIFEST-000001: Unable to create sequential file (ChromeMethodBFE: 7::NewSequentialFile::1)
[37540:32580:0517/102659.385:WARNING:value_store_frontend.cc(47)] Reading mhjfbmdgcfjbbpaeojofohoefgiehjai.alarms from  failed: IO error: .../MANIFEST-000001: Unable to create sequential file (ChromeMethodBFE: 7::NewSequentialFile::1)
[33996:37832:0517/102700.711:WARNING:frame_impl.cc(430)] virtual CefFrameImpl::SendProcessMessage sent to detached frame 5-B5BB245D73FBEDBFC495A5647CDA4193 will be ignored
[37540:13888:0517/102701.701:ERROR:device_event_log_impl.cc(196)] [10:27:01.376] USB: usb_service_win.cc:105 SetupDiGetDeviceProperty({{A45C254E-DF1C-4EFD-8020-67D146A850E0}, 6}) failed: Element not found. (0x490)
[37540:32920:0517/102702.466:ERROR:cast_crl.cc(443)] CRL - Verification failed.
[37540:32920:0517/102702.476:ERROR:cast_crl.cc(443)] CRL - Verification failed.
[37540:32920:0517/102702.572:ERROR:cast_crl.cc(443)] CRL - Verification failed.
[37540:32920:0517/102702.806:ERROR:cast_crl.cc(443)] CRL - Verification failed.
[37540:32920:0517/102702.935:ERROR:cast_crl.cc(443)] CRL - Verification failed.
[37540:32920:0517/102703.226:ERROR:cast_crl.cc(443)] CRL - Verification failed.
[37540:13888:0517/110009.822:ERROR:device_event_log_impl.cc(196)] [11:00:09.557] USB: usb_service_win.cc:105 SetupDiGetDeviceProperty({{A45C254E-DF1C-4EFD-8020-67D146A850E0}, 6}) failed: Element not found. (0x490)
[37540:13888:0517/110142.433:WARNING:pref_notifier_impl.cc(41)] Pref observer for media_router.cast_allow_all_ips found at shutdown.
