[47760:41752:0518/150828.658:WARNING:chrome_main_delegate.cc(745)] This is Chrome version 128.0.6613.138 (not a warning)
[47760:26740:0518/150828.716:ERROR:google_update_settings.cc(265)] Failed opening key Software\Chromium to set usagestats; result: 5
[47760:41752:0518/150828.740:WARNING:account_consistency_mode_manager.cc(77)] Desktop Identity Consistency cannot be enabled as no OAuth client ID and client secret have been configured.
[47760:41016:0518/150831.101:WARNING:leveldb_database.cc(141)] Unable to open C:\Users\jadej\Documents\Unreal Projects\GameDevTVGameJam2026\GameJamProject\Saved\webcache_6613\Default\shared_proto_db\metadata: IO error: C:\Users\jadej\Documents\Unreal Projects\GameDevTVGameJam2026\GameJamProject\Saved\webcache_6613\Default\shared_proto_db\metadata/MANIFEST-000001: Unable to create sequential file (ChromeMethodBFE: 7::NewSequentialFile::1)
[47760:41016:0518/150831.103:WARNING:leveldb_database.cc(141)] Unable to open C:\Users\jadej\Documents\Unreal Projects\GameDevTVGameJam2026\GameJamProject\Saved\webcache_6613\Default\shared_proto_db\metadata: IO error: C:\Users\jadej\Documents\Unreal Projects\GameDevTVGameJam2026\GameJamProject\Saved\webcache_6613\Default\shared_proto_db\metadata/MANIFEST-000001: Unable to create sequential file (ChromeMethodBFE: 7::NewSequentialFile::1)
[47760:41016:0518/150831.104:WARNING:leveldb_database.cc(141)] Unable to open C:\Users\jadej\Documents\Unreal Projects\GameDevTVGameJam2026\GameJamProject\Saved\webcache_6613\Default\shared_proto_db\metadata: IO error: C:\Users\jadej\Documents\Unreal Projects\GameDevTVGameJam2026\GameJamProject\Saved\webcache_6613\Default\shared_proto_db\metadata/MANIFEST-000001: Unable to create sequential file (ChromeMethodBFE: 7::NewSequentialFile::1)
[47760:41016:0518/150831.106:WARNING:leveldb_database.cc(141)] Unable to open C:\Users\jadej\Documents\Unreal Projects\GameDevTVGameJam2026\GameJamProject\Saved\webcache_6613\Default\shared_proto_db\metadata: IO error: C:\Users\jadej\Documents\Unreal Projects\GameDevTVGameJam2026\GameJamProject\Saved\webcache_6613\Default\shared_proto_db\metadata/MANIFEST-000001: Unable to create sequential file (ChromeMethodBFE: 7::NewSequentialFile::1)
[41860:39112:0518/150831.454:WARNING:backend_impl.cc(1764)] Destroying invalid entry.
[41860:39112:0518/150831.454:ERROR:backend_impl.cc(989)] Critical error found -8
[47760:11304:0518/150831.455:WARNING:value_store_frontend.cc(47)] Reading ahfgeienlihckogmohjhadlkjgocpleb.alarms from  failed: IO error: .../MANIFEST-000001: Unable to create sequential file (ChromeMethodBFE: 7::NewSequentialFile::1)
[47760:11304:0518/150831.456:WARNING:value_store_frontend.cc(47)] Reading mhjfbmdgcfjbbpaeojofohoefgiehjai.alarms from  failed: IO error: .../MANIFEST-000001: Unable to create sequential file (ChromeMethodBFE: 7::NewSequentialFile::1)
[41860:39112:0518/150831.565:ERROR:entry_impl.cc(955)] Failed to save user data
[30204:42256:0518/150832.857:WARNING:frame_impl.cc(430)] virtual CefFrameImpl::SendProcessMessage sent to detached frame 5-96E33BE60712DF600C0FF7F7F29DE078 will be ignored
[47760:42864:0518/150835.958:ERROR:cast_crl.cc(443)] CRL - Verification failed.
[47760:42864:0518/150836.062:ERROR:cast_crl.cc(443)] CRL - Verification failed.
[47760:41752:0518/150838.191:ERROR:device_event_log_impl.cc(196)] [15:08:38.191] USB: usb_service_win.cc:105 SetupDiGetDeviceProperty({{A45C254E-DF1C-4EFD-8020-67D146A850E0}, 6}) failed: Element not found. (0x490)
[47760:42864:0518/150840.620:ERROR:cast_crl.cc(443)] CRL - Verification failed.
[47760:42864:0518/150840.728:ERROR:cast_crl.cc(443)] CRL - Verification failed.
[47760:42864:0518/150840.895:ERROR:cast_crl.cc(443)] CRL - Verification failed.
[47760:42864:0518/150841.274:ERROR:cast_crl.cc(443)] CRL - Verification failed.
[47760:41752:0518/185623.931:ERROR:device_event_log_impl.cc(196)] [18:56:23.815] USB: usb_service_win.cc:105 SetupDiGetDeviceProperty({{A45C254E-DF1C-4EFD-8020-67D146A850E0}, 6}) failed: Element not found. (0x490)
[47760:41752:0518/215345.202:ERROR:device_event_log_impl.cc(196)] [21:53:45.143] USB: usb_service_win.cc:105 SetupDiGetDeviceProperty({{A45C254E-DF1C-4EFD-8020-67D146A850E0}, 6}) failed: Element not found. (0x490)
[47760:41752:0519/000700.463:WARNING:pref_notifier_impl.cc(41)] Pref observer for media_router.cast_allow_all_ips found at shutdown.
